[{36 var <nil>} {19 a <nil>} {13 = <nil>} {21 0 <nil>} {8 ; <nil>} {31 print <nil>} {19 a <nil>} {8 ; <nil>} {38 EOF <nil>}]